  ✅  DB conectada — 23 usuario(s) encontrado(s).

  🚀  Servidor en: http://localhost:5000
  🌐  Red local:   http://192.168.100.3:5000
  🗄️   DB: mysql+pymysql://root:123456@localhost/empresa_activos
  ⚙️   Modo servicio: SÍ

 * Serving Flask app 'app'
 * Debug mode: off
  ✅  DB conectada — 23 usuario(s) encontrado(s).

  🚀  Servidor en: http://localhost:5000
  🌐  Red local:   http://192.168.202.150:5000
  🗄️   DB: mysql+pymysql://root:123456@localhost/empresa_activos
  ⚙️   Modo servicio: SÍ

 * Serving Flask app 'app'
 * Debug mode: off
  ✅  DB conectada — 23 usuario(s) encontrado(s).

  🚀  Servidor en: http://localhost:5000
  🌐  Red local:   http://192.168.202.150:5000
  🗄️   DB: mysql+pymysql://root:123456@localhost/empresa_activos
  ⚙️   Modo servicio: SÍ

 * Serving Flask app 'app'
 * Debug mode: off
  ✅  DB conectada — 23 usuario(s) encontrado(s).

  🚀  Servidor en: http://localhost:5000
  🌐  Red local:   http://192.168.202.150:5000
  🗄️   DB: mysql+pymysql://root:123456@localhost/empresa_activos
  ⚙️   Modo servicio: SÍ

 * Serving Flask app 'app'
 * Debug mode: off
  ✅  DB conectada — 23 usuario(s) encontrado(s).

  🚀  Servidor en: http://localhost:5000
  🌐  Red local:   http://localhost:5000
  🗄️   DB: mysql+pymysql://root:123456@localhost/empresa_activos
  ⚙️   Modo servicio: SÍ

 * Serving Flask app 'app'
 * Debug mode: off
  ✅  DB conectada — 23 usuario(s) encontrado(s).

  🚀  Servidor en: http://localhost:5000
  🌐  Red local:   http://localhost:5000
  🗄️   DB: mysql+pymysql://root:123456@localhost/empresa_activos
  ⚙️   Modo servicio: SÍ

 * Serving Flask app 'app'
 * Debug mode: off
  ✅  DB conectada — 23 usuario(s) encontrado(s).

  🚀  Servidor en: http://localhost:5000
  🌐  Red local:   http://192.168.100.3:5000
  🗄️   DB: mysql+pymysql://root:123456@localhost/empresa_activos
  ⚙️   Modo servicio: SÍ

 * Serving Flask app 'app'
 * Debug mode: off
  ✅  DB conectada — 23 usuario(s) encontrado(s).

  🚀  Servidor en: http://localhost:5000
  🌐  Red local:   http://localhost:5000
  🗄️   DB: mysql+pymysql://root:123456@localhost/empresa_activos
  ⚙️   Modo servicio: SÍ

 * Serving Flask app 'app'
 * Debug mode: off
